[digitonaut.com/art/bacterium/index.html]
[digitonaut.com/art/bad_land/index.html]
[digitonaut.com/art/basic_fractal/index.html]
[digitonaut.com/art/bad_mushrooms/index.html]
[backblue.gif]
[fade.gif]
[index.html]
[digitonaut.com/art/binary_spiral/index.html]
[digitonaut.com/art/big-boi_particules/index.html]
[digitonaut.com/art/birds_of_the_feather/index.html]
[digitonaut.com/art/birds/index.html]
[digitonaut.com/art/black_hole_shader/index.html]
[digitonaut.com/art/blobs/index.html]
[digitonaut.com/art/blooming_fractal/index.html]
[digitonaut.com/art/blue_marble/index.html]
[digitonaut.com/art/bokeh_world/index.html]
[digitonaut.com/art/boaty_goes_caving/index.html]
[digitonaut.com/art/bouncing_off_the_walls/index.html]
[digitonaut.com/art/blue_travel/index.html]
[digitonaut.com/art/boxed_fireworks/index.html]
[digitonaut.com/art/brick_tube/index.html]
[digitonaut.com/art/bubble-dist-plasma/index.html]
[digitonaut.com/art/bubbles/index.html]
[digitonaut.com/art/butterflies_drink_dark_matter/index.html]
[digitonaut.com/art/bacterium/index.html]
[digitonaut.com/art/bad_land/index.html]
[digitonaut.com/art/bacterium/main.js]
[digitonaut.com/art/bad_land/shader-web-background.min.js]
[digitonaut.com/art/bad_mushrooms/index.html]
[digitonaut.com/art/bad_mushrooms/shader-web-background.min.js]
[digitonaut.com/art/basic_fractal/index.html]
[digitonaut.com/art/basic_fractal/shader-web-background.min.js]
[digitonaut.com/art/big-boi_particules/index.html]
[digitonaut.com/art/big-boi_particules/hub_events.js]
[digitonaut.com/art/binary_spiral/prefixfree.min.js]
[digitonaut.com/art/binary_spiral/index.html]
[digitonaut.com/art/binary_spiral/script.js]
[digitonaut.com/art/birds/main.css]
[digitonaut.com/art/birds/index.html]
[digitonaut.com/art/birds_of_the_feather/style.css]
[digitonaut.com/art/birds_of_the_feather/index.html]
[digitonaut.com/art/birds_of_the_feather/script.js]
[digitonaut.com/art/bacterium/three.min.js]
[digitonaut.com/art/black_hole_shader/index.html]
[digitonaut.com/art/black_hole_shader/script.js]
[digitonaut.com/art/blobs/index.html]
[digitonaut.com/art/blobs/script1b26.js]
[digitonaut.com/art/black_hole_shader/jquery.min.js]
[digitonaut.com/art/blooming_fractal/index.html]
[digitonaut.com/art/blooming_fractal/main.js]
[digitonaut.com/art/blue_marble/index.html]
[digitonaut.com/art/blue_marble/main.js]
[digitonaut.com/art/blue_travel/index.html]
[digitonaut.com/art/blue_travel/shader-web-background.min.js]
[digitonaut.com/art/boaty_goes_caving/index.html]
[digitonaut.com/art/boaty_goes_caving/main.js]
[digitonaut.com/art/bokeh_world/shader-web-background.min.js]
[digitonaut.com/art/bokeh_world/index.html]
[digitonaut.com/art/bouncing_off_the_walls/style.css]
[digitonaut.com/art/bouncing_off_the_walls/index.html]
[digitonaut.com/art/boxed_fireworks/openProcessing.js]
[digitonaut.com/art/blooming_fractal/three.min.js]
[digitonaut.com/art/boxed_fireworks/script.js]
[digitonaut.com/art/boxed_fireworks/index.html]
[digitonaut.com/art/brick_tube/css/normalize.css]
[digitonaut.com/art/brick_tube/css/demo.css]
[digitonaut.com/art/blue_marble/three.min.js]
[digitonaut.com/art/brick_tube/js/demo1.js]
[digitonaut.com/art/brick_tube/index.html]
[digitonaut.com/art/bubble-dist-plasma/shader-web-background.min.js]
[digitonaut.com/art/bubble-dist-plasma/index.html]
[digitonaut.com/art/boaty_goes_caving/three.min.js]
[digitonaut.com/art/bubbles/index.html]
[digitonaut.com/art/bubbles/hub_events.js]
[digitonaut.com/art/butterflies_drink_dark_matter/style.css]
[digitonaut.com/art/butterflies_drink_dark_matter/index.html]
[digitonaut.com/art/bacterium/main.css]
[digitonaut.com/art/binary_spiral/style.css]
[digitonaut.com/art/birds/main.css]
[s3-us-west-2.amazonaws.com/s.cdpn.io/131045/clouds.png]
[digitonaut.com/art/birds_of_the_feather/style.css]
[digitonaut.com/art/black_hole_shader/reset.min.css]
[digitonaut.com/art/black_hole_shader/style.css]
[digitonaut.com/art/blobs/style.css]
[digitonaut.com/art/blooming_fractal/main.css]
[digitonaut.com/art/blue_marble/main.css]
[digitonaut.com/art/boaty_goes_caving/main.css]
[digitonaut.com/art/bouncing_off_the_walls/style.css]
[digitonaut.com/art/brick_tube/js/vendors/three.min.js]
[digitonaut.com/art/boxed_fireworks/p5.js]
[digitonaut.com/art/brick_tube/css/normalize.css]
[digitonaut.com/art/brick_tube/css/demo.css]
[digitonaut.com/art/bubbles/reset.min.css]
[digitonaut.com/art/butterflies_drink_dark_matter/reset.min.css]
[digitonaut.com/art/butterflies_drink_dark_matter/style.css]
